// Jest Snapshot v1, https://goo.gl/fbAQLP

exports[`Gallery renders gallery correctly 1`] = `
<div
  class="flex flex-wrap"
>
  <div
    style="display: flex; margin: 12px; text-align: center;"
  >
    <svg
      aria-hidden="true"
      class="base-icon svg-inline--fa fa-exclamation fa-w-6"
      data-icon="exclamation"
      data-prefix="fas"
      focusable="false"
      role="img"
      viewBox="0 0 192 512"
      xmlns="http://www.w3.org/2000/svg"
    >
      <path
        class=""
        d="M176 432c0 44.112-35.888 80-80 80s-80-35.888-80-80 35.888-80 80-80 80 35.888 80 80zM25.26 25.199l13.6 272C39.499 309.972 50.041 320 62.83 320h66.34c12.789 0 23.331-10.028 23.97-22.801l13.6-272C167.425 11.49 156.496 0 142.77 0H49.23C35.504 0 24.575 11.49 25.26 25.199z"
        fill="currentColor"
      />
    </svg>
     
    <div
      style="font-size: 12px; margin-left: 8px;"
    >
      alert
    </div>
  </div>
  <div
    style="display: flex; margin: 12px; text-align: center;"
  >
    <svg
      aria-hidden="true"
      class="base-icon svg-inline--fa fa-exclamation-circle fa-w-16"
      data-icon="exclamation-circle"
      data-prefix="fas"
      focusable="false"
      role="img"
      viewBox="0 0 512 512"
      xmlns="http://www.w3.org/2000/svg"
    >
      <path
        class=""
        d="M504 256c0 136.997-111.043 248-248 248S8 392.997 8 256C8 119.083 119.043 8 256 8s248 111.083 248 248zm-248 50c-25.405 0-46 20.595-46 46s20.595 46 46 46 46-20.595 46-46-20.595-46-46-46zm-43.673-165.346l7.418 136c.347 6.364 5.609 11.346 11.982 11.346h48.546c6.373 0 11.635-4.982 11.982-11.346l7.418-136c.375-6.874-5.098-12.654-11.982-12.654h-63.383c-6.884 0-12.356 5.78-11.981 12.654z"
        fill="currentColor"
      />
    </svg>
     
    <div
      style="font-size: 12px; margin-left: 8px;"
    >
      alertCircle
    </div>
  </div>
  <div
    style="display: flex; margin: 12px; text-align: center;"
  >
    <svg
      aria-hidden="true"
      class="base-icon svg-inline--fa fa-exclamation-triangle fa-w-18"
      data-icon="exclamation-triangle"
      data-prefix="fas"
      focusable="false"
      role="img"
      viewBox="0 0 576 512"
      xmlns="http://www.w3.org/2000/svg"
    >
      <path
        class=""
        d="M569.517 440.013C587.975 472.007 564.806 512 527.94 512H48.054c-36.937 0-59.999-40.055-41.577-71.987L246.423 23.985c18.467-32.009 64.72-31.951 83.154 0l239.94 416.028zM288 354c-25.405 0-46 20.595-46 46s20.595 46 46 46 46-20.595 46-46-20.595-46-46-46zm-43.673-165.346l7.418 136c.347 6.364 5.609 11.346 11.982 11.346h48.546c6.373 0 11.635-4.982 11.982-11.346l7.418-136c.375-6.874-5.098-12.654-11.982-12.654h-63.383c-6.884 0-12.356 5.78-11.981 12.654z"
        fill="currentColor"
      />
    </svg>
     
    <div
      style="font-size: 12px; margin-left: 8px;"
    >
      alertTriangle
    </div>
  </div>
  <div
    style="display: flex; margin: 12px; text-align: center;"
  >
    <svg
      aria-hidden="true"
      class="base-icon svg-inline--fa fa-analytics fa-w-18"
      data-icon="analytics"
      data-prefix="fas"
      focusable="false"
      role="img"
      viewBox="0 0 576 512"
      xmlns="http://www.w3.org/2000/svg"
    >
      <path
        class=""
        d="M510.62 92.63C516.03 94.74 521.85 96 528 96c26.51 0 48-21.49 48-48S554.51 0 528 0s-48 21.49-48 48c0 2.43.37 4.76.71 7.09l-95.34 76.27c-5.4-2.11-11.23-3.37-17.38-3.37s-11.97 1.26-17.38 3.37L255.29 55.1c.35-2.33.71-4.67.71-7.1 0-26.51-21.49-48-48-48s-48 21.49-48 48c0 4.27.74 8.34 1.78 12.28l-101.5 101.5C56.34 160.74 52.27 160 48 160c-26.51 0-48 21.49-48 48s21.49 48 48 48 48-21.49 48-48c0-4.27-.74-8.34-1.78-12.28l101.5-101.5C199.66 95.26 203.73 96 208 96c6.15 0 11.97-1.26 17.38-3.37l95.34 76.27c-.35 2.33-.71 4.67-.71 7.1 0 26.51 21.49 48 48 48s48-21.49 48-48c0-2.43-.37-4.76-.71-7.09l95.32-76.28zM400 320h-64c-8.84 0-16 7.16-16 16v160c0 8.84 7.16 16 16 16h64c8.84 0 16-7.16 16-16V336c0-8.84-7.16-16-16-16zm160-128h-64c-8.84 0-16 7.16-16 16v288c0 8.84 7.16 16 16 16h64c8.84 0 16-7.16 16-16V208c0-8.84-7.16-16-16-16zm-320 0h-64c-8.84 0-16 7.16-16 16v288c0 8.84 7.16 16 16 16h64c8.84 0 16-7.16 16-16V208c0-8.84-7.16-16-16-16zM80 352H16c-8.84 0-16 7.16-16 16v128c0 8.84 7.16 16 16 16h64c8.84 0 16-7.16 16-16V368c0-8.84-7.16-16-16-16z"
        fill="currentColor"
      />
    </svg>
     
    <div
      style="font-size: 12px; margin-left: 8px;"
    >
      analytics
    </div>
  </div>
  <div
    style="display: flex; margin: 12px; text-align: center;"
  >
    <svg
      aria-hidden="true"
      class="base-icon svg-inline--fa fa-arrow-left fa-w-14"
      data-icon="arrow-left"
      data-prefix="fas"
      focusable="false"
      role="img"
      viewBox="0 0 448 512"
      xmlns="http://www.w3.org/2000/svg"
    >
      <path
        class=""
        d="M257.5 445.1l-22.2 22.2c-9.4 9.4-24.6 9.4-33.9 0L7 273c-9.4-9.4-9.4-24.6 0-33.9L201.4 44.7c9.4-9.4 24.6-9.4 33.9 0l22.2 22.2c9.5 9.5 9.3 25-.4 34.3L136.6 216H424c13.3 0 24 10.7 24 24v32c0 13.3-10.7 24-24 24H136.6l120.5 114.8c9.8 9.3 10 24.8.4 34.3z"
        fill="currentColor"
      />
    </svg>
     
    <div
      style="font-size: 12px; margin-left: 8px;"
    >
      arrowLeft
    </div>
  </div>
  <div
    style="display: flex; margin: 12px; text-align: center;"
  >
    <svg
      aria-hidden="true"
      class="base-icon svg-inline--fa fa-arrow-right fa-w-14"
      data-icon="arrow-right"
      data-prefix="fas"
      focusable="false"
      role="img"
      viewBox="0 0 448 512"
      xmlns="http://www.w3.org/2000/svg"
    >
      <path
        class=""
        d="M190.5 66.9l22.2-22.2c9.4-9.4 24.6-9.4 33.9 0L441 239c9.4 9.4 9.4 24.6 0 33.9L246.6 467.3c-9.4 9.4-24.6 9.4-33.9 0l-22.2-22.2c-9.5-9.5-9.3-25 .4-34.3L311.4 296H24c-13.3 0-24-10.7-24-24v-32c0-13.3 10.7-24 24-24h287.4L190.9 101.2c-9.8-9.3-10-24.8-.4-34.3z"
        fill="currentColor"
      />
    </svg>
     
    <div
      style="font-size: 12px; margin-left: 8px;"
    >
      arrowRight
    </div>
  </div>
  <div
    style="display: flex; margin: 12px; text-align: center;"
  >
    <svg
      aria-hidden="true"
      class="base-icon svg-inline--fa fa-ban fa-w-16"
      data-icon="ban"
      data-prefix="fas"
      focusable="false"
      role="img"
      viewBox="0 0 512 512"
      xmlns="http://www.w3.org/2000/svg"
    >
      <path
        class=""
        d="M256 8C119.034 8 8 119.033 8 256s111.034 248 248 248 248-111.034 248-248S392.967 8 256 8zm130.108 117.892c65.448 65.448 70 165.481 20.677 235.637L150.47 105.216c70.204-49.356 170.226-44.735 235.638 20.676zM125.892 386.108c-65.448-65.448-70-165.481-20.677-235.637L361.53 406.784c-70.203 49.356-170.226 44.736-235.638-20.676z"
        fill="currentColor"
      />
    </svg>
     
    <div
      style="font-size: 12px; margin-left: 8px;"
    >
      ban
    </div>
  </div>
  <div
    style="display: flex; margin: 12px; text-align: center;"
  >
    <svg
      aria-hidden="true"
      class="base-icon svg-inline--fa fa-bell fa-w-14"
      data-icon="bell"
      data-prefix="fas"
      focusable="false"
      role="img"
      viewBox="0 0 448 512"
      xmlns="http://www.w3.org/2000/svg"
    >
      <path
        class=""
        d="M224 512c35.32 0 63.97-28.65 63.97-64H160.03c0 35.35 28.65 64 63.97 64zm215.39-149.71c-19.32-20.76-55.47-51.99-55.47-154.29 0-77.7-54.48-139.9-127.94-155.16V32c0-17.67-14.32-32-31.98-32s-31.98 14.33-31.98 32v20.84C118.56 68.1 64.08 130.3 64.08 208c0 102.3-36.15 133.53-55.47 154.29-6 6.45-8.66 14.16-8.61 21.71.11 16.4 12.98 32 32.1 32h383.8c19.12 0 32-15.6 32.1-32 .05-7.55-2.61-15.27-8.61-21.71z"
        fill="currentColor"
      />
    </svg>
     
    <div
      style="font-size: 12px; margin-left: 8px;"
    >
      bell
    </div>
  </div>
  <div
    style="display: flex; margin: 12px; text-align: center;"
  >
    <svg
      aria-hidden="true"
      class="base-icon svg-inline--fa fa-building fa-w-14"
      data-icon="building"
      data-prefix="fas"
      focusable="false"
      role="img"
      viewBox="0 0 448 512"
      xmlns="http://www.w3.org/2000/svg"
    >
      <path
        class=""
        d="M436 480h-20V24c0-13.255-10.745-24-24-24H56C42.745 0 32 10.745 32 24v456H12c-6.627 0-12 5.373-12 12v20h448v-20c0-6.627-5.373-12-12-12zM128 76c0-6.627 5.373-12 12-12h40c6.627 0 12 5.373 12 12v40c0 6.627-5.373 12-12 12h-40c-6.627 0-12-5.373-12-12V76zm0 96c0-6.627 5.373-12 12-12h40c6.627 0 12 5.373 12 12v40c0 6.627-5.373 12-12 12h-40c-6.627 0-12-5.373-12-12v-40zm52 148h-40c-6.627 0-12-5.373-12-12v-40c0-6.627 5.373-12 12-12h40c6.627 0 12 5.373 12 12v40c0 6.627-5.373 12-12 12zm76 160h-64v-84c0-6.627 5.373-12 12-12h40c6.627 0 12 5.373 12 12v84zm64-172c0 6.627-5.373 12-12 12h-40c-6.627 0-12-5.373-12-12v-40c0-6.627 5.373-12 12-12h40c6.627 0 12 5.373 12 12v40zm0-96c0 6.627-5.373 12-12 12h-40c-6.627 0-12-5.373-12-12v-40c0-6.627 5.373-12 12-12h40c6.627 0 12 5.373 12 12v40zm0-96c0 6.627-5.373 12-12 12h-40c-6.627 0-12-5.373-12-12V76c0-6.627 5.373-12 12-12h40c6.627 0 12 5.373 12 12v40z"
        fill="currentColor"
      />
    </svg>
     
    <div
      style="font-size: 12px; margin-left: 8px;"
    >
      building
    </div>
  </div>
  <div
    style="display: flex; margin: 12px; text-align: center;"
  >
    <svg
      aria-hidden="true"
      class="base-icon svg-inline--fa fa-calendar fa-w-14"
      data-icon="calendar"
      data-prefix="fas"
      focusable="false"
      role="img"
      viewBox="0 0 448 512"
      xmlns="http://www.w3.org/2000/svg"
    >
      <path
        class=""
        d="M12 192h424c6.6 0 12 5.4 12 12v260c0 26.5-21.5 48-48 48H48c-26.5 0-48-21.5-48-48V204c0-6.6 5.4-12 12-12zm436-44v-36c0-26.5-21.5-48-48-48h-48V12c0-6.6-5.4-12-12-12h-40c-6.6 0-12 5.4-12 12v52H160V12c0-6.6-5.4-12-12-12h-40c-6.6 0-12 5.4-12 12v52H48C21.5 64 0 85.5 0 112v36c0 6.6 5.4 12 12 12h424c6.6 0 12-5.4 12-12z"
        fill="currentColor"
      />
    </svg>
     
    <div
      style="font-size: 12px; margin-left: 8px;"
    >
      calendar
    </div>
  </div>
  <div
    style="display: flex; margin: 12px; text-align: center;"
  >
    <svg
      class="base-icon base-icon--custom"
    />
     
    <div
      style="font-size: 12px; margin-left: 8px;"
    >
      caretDown
    </div>
  </div>
  <div
    style="display: flex; margin: 12px; text-align: center;"
  >
    <svg
      aria-hidden="true"
      class="base-icon svg-inline--fa fa-check fa-w-16"
      data-icon="check"
      data-prefix="fas"
      focusable="false"
      role="img"
      viewBox="0 0 512 512"
      xmlns="http://www.w3.org/2000/svg"
    >
      <path
        class=""
        d="M173.898 439.404l-166.4-166.4c-9.997-9.997-9.997-26.206 0-36.204l36.203-36.204c9.997-9.998 26.207-9.998 36.204 0L192 312.69 432.095 72.596c9.997-9.997 26.207-9.997 36.204 0l36.203 36.204c9.997 9.997 9.997 26.206 0 36.204l-294.4 294.401c-9.998 9.997-26.207 9.997-36.204-.001z"
        fill="currentColor"
      />
    </svg>
     
    <div
      style="font-size: 12px; margin-left: 8px;"
    >
      check
    </div>
  </div>
  <div
    style="display: flex; margin: 12px; text-align: center;"
  >
    <svg
      aria-hidden="true"
      class="base-icon svg-inline--fa fa-check-circle fa-w-16"
      data-icon="check-circle"
      data-prefix="fas"
      focusable="false"
      role="img"
      viewBox="0 0 512 512"
      xmlns="http://www.w3.org/2000/svg"
    >
      <path
        class=""
        d="M504 256c0 136.967-111.033 248-248 248S8 392.967 8 256 119.033 8 256 8s248 111.033 248 248zM227.314 387.314l184-184c6.248-6.248 6.248-16.379 0-22.627l-22.627-22.627c-6.248-6.249-16.379-6.249-22.628 0L216 308.118l-70.059-70.059c-6.248-6.248-16.379-6.248-22.628 0l-22.627 22.627c-6.248 6.248-6.248 16.379 0 22.627l104 104c6.249 6.249 16.379 6.249 22.628.001z"
        fill="currentColor"
      />
    </svg>
     
    <div
      style="font-size: 12px; margin-left: 8px;"
    >
      checkCircle
    </div>
  </div>
  <div
    style="display: flex; margin: 12px; text-align: center;"
  >
    <svg
      aria-hidden="true"
      class="base-icon svg-inline--fa fa-circle fa-w-16"
      data-icon="circle"
      data-prefix="fal"
      focusable="false"
      role="img"
      viewBox="0 0 512 512"
      xmlns="http://www.w3.org/2000/svg"
    >
      <path
        class=""
        d="M256 8C119 8 8 119 8 256s111 248 248 248 248-111 248-248S393 8 256 8zm216 248c0 118.7-96.1 216-216 216-118.7 0-216-96.1-216-216 0-118.7 96.1-216 216-216 118.7 0 216 96.1 216 216z"
        fill="currentColor"
      />
    </svg>
     
    <div
      style="font-size: 12px; margin-left: 8px;"
    >
      circle
    </div>
  </div>
  <div
    style="display: flex; margin: 12px; text-align: center;"
  >
    <svg
      aria-hidden="true"
      class="base-icon svg-inline--fa fa-clipboard-check fa-w-12"
      data-icon="clipboard-check"
      data-prefix="fal"
      focusable="false"
      role="img"
      viewBox="0 0 384 512"
      xmlns="http://www.w3.org/2000/svg"
    >
      <path
        class=""
        d="M336 64h-88.6c.4-2.6.6-5.3.6-8 0-30.9-25.1-56-56-56s-56 25.1-56 56c0 2.7.2 5.4.6 8H48C21.5 64 0 85.5 0 112v352c0 26.5 21.5 48 48 48h288c26.5 0 48-21.5 48-48V112c0-26.5-21.5-48-48-48zM192 32c13.3 0 24 10.7 24 24s-10.7 24-24 24-24-10.7-24-24 10.7-24 24-24zm160 432c0 8.8-7.2 16-16 16H48c-8.8 0-16-7.2-16-16V112c0-8.8 7.2-16 16-16h48v20c0 6.6 5.4 12 12 12h168c6.6 0 12-5.4 12-12V96h48c8.8 0 16 7.2 16 16v352zm-58.9-236.4c-4.7-4.7-12.3-4.7-17-.1L158.4 344.3 108 293.7c-4.7-4.7-12.3-4.7-17 0l-8.5 8.5c-4.7 4.7-4.7 12.3 0 17l67.4 67.6c4.7 4.7 12.3 4.7 17 0l134.8-133.7c4.7-4.7 4.7-12.3.1-17l-8.7-8.5z"
        fill="currentColor"
      />
    </svg>
     
    <div
      style="font-size: 12px; margin-left: 8px;"
    >
      clipboardCheck
    </div>
  </div>
  <div
    style="display: flex; margin: 12px; text-align: center;"
  >
    <svg
      aria-hidden="true"
      class="base-icon svg-inline--fa fa-clock fa-w-16"
      data-icon="clock"
      data-prefix="fas"
      focusable="false"
      role="img"
      viewBox="0 0 512 512"
      xmlns="http://www.w3.org/2000/svg"
    >
      <path
        class=""
        d="M256,8C119,8,8,119,8,256S119,504,256,504,504,393,504,256,393,8,256,8Zm92.49,313h0l-20,25a16,16,0,0,1-22.49,2.5h0l-67-49.72a40,40,0,0,1-15-31.23V112a16,16,0,0,1,16-16h32a16,16,0,0,1,16,16V256l58,42.5A16,16,0,0,1,348.49,321Z"
        fill="currentColor"
      />
    </svg>
     
    <div
      style="font-size: 12px; margin-left: 8px;"
    >
      clock
    </div>
  </div>
  <div
    style="display: flex; margin: 12px; text-align: center;"
  >
    <svg
      aria-hidden="true"
      class="base-icon svg-inline--fa fa-times fa-w-10"
      data-icon="times"
      data-prefix="fal"
      focusable="false"
      role="img"
      viewBox="0 0 320 512"
      xmlns="http://www.w3.org/2000/svg"
    >
      <path
        class=""
        d="M193.94 256L296.5 153.44l21.15-21.15c3.12-3.12 3.12-8.19 0-11.31l-22.63-22.63c-3.12-3.12-8.19-3.12-11.31 0L160 222.06 36.29 98.34c-3.12-3.12-8.19-3.12-11.31 0L2.34 120.97c-3.12 3.12-3.12 8.19 0 11.31L126.06 256 2.34 379.71c-3.12 3.12-3.12 8.19 0 11.31l22.63 22.63c3.12 3.12 8.19 3.12 11.31 0L160 289.94 262.56 392.5l21.15 21.15c3.12 3.12 8.19 3.12 11.31 0l22.63-22.63c3.12-3.12 3.12-8.19 0-11.31L193.94 256z"
        fill="currentColor"
      />
    </svg>
     
    <div
      style="font-size: 12px; margin-left: 8px;"
    >
      close
    </div>
  </div>
  <div
    style="display: flex; margin: 12px; text-align: center;"
  >
    <svg
      aria-hidden="true"
      class="base-icon svg-inline--fa fa-cogs fa-w-20"
      data-icon="cogs"
      data-prefix="fas"
      focusable="false"
      role="img"
      viewBox="0 0 640 512"
      xmlns="http://www.w3.org/2000/svg"
    >
      <path
        class=""
        d="M512.1 191l-8.2 14.3c-3 5.3-9.4 7.5-15.1 5.4-11.8-4.4-22.6-10.7-32.1-18.6-4.6-3.8-5.8-10.5-2.8-15.7l8.2-14.3c-6.9-8-12.3-17.3-15.9-27.4h-16.5c-6 0-11.2-4.3-12.2-10.3-2-12-2.1-24.6 0-37.1 1-6 6.2-10.4 12.2-10.4h16.5c3.6-10.1 9-19.4 15.9-27.4l-8.2-14.3c-3-5.2-1.9-11.9 2.8-15.7 9.5-7.9 20.4-14.2 32.1-18.6 5.7-2.1 12.1.1 15.1 5.4l8.2 14.3c10.5-1.9 21.2-1.9 31.7 0L552 6.3c3-5.3 9.4-7.5 15.1-5.4 11.8 4.4 22.6 10.7 32.1 18.6 4.6 3.8 5.8 10.5 2.8 15.7l-8.2 14.3c6.9 8 12.3 17.3 15.9 27.4h16.5c6 0 11.2 4.3 12.2 10.3 2 12 2.1 24.6 0 37.1-1 6-6.2 10.4-12.2 10.4h-16.5c-3.6 10.1-9 19.4-15.9 27.4l8.2 14.3c3 5.2 1.9 11.9-2.8 15.7-9.5 7.9-20.4 14.2-32.1 18.6-5.7 2.1-12.1-.1-15.1-5.4l-8.2-14.3c-10.4 1.9-21.2 1.9-31.7 0zm-10.5-58.8c38.5 29.6 82.4-14.3 52.8-52.8-38.5-29.7-82.4 14.3-52.8 52.8zM386.3 286.1l33.7 16.8c10.1 5.8 14.5 18.1 10.5 29.1-8.9 24.2-26.4 46.4-42.6 65.8-7.4 8.9-20.2 11.1-30.3 5.3l-29.1-16.8c-16 13.7-34.6 24.6-54.9 31.7v33.6c0 11.6-8.3 21.6-19.7 23.6-24.6 4.2-50.4 4.4-75.9 0-11.5-2-20-11.9-20-23.6V418c-20.3-7.2-38.9-18-54.9-31.7L74 403c-10 5.8-22.9 3.6-30.3-5.3-16.2-19.4-33.3-41.6-42.2-65.7-4-10.9.4-23.2 10.5-29.1l33.3-16.8c-3.9-20.9-3.9-42.4 0-63.4L12 205.8c-10.1-5.8-14.6-18.1-10.5-29 8.9-24.2 26-46.4 42.2-65.8 7.4-8.9 20.2-11.1 30.3-5.3l29.1 16.8c16-13.7 34.6-24.6 54.9-31.7V57.1c0-11.5 8.2-21.5 19.6-23.5 24.6-4.2 50.5-4.4 76-.1 11.5 2 20 11.9 20 23.6v33.6c20.3 7.2 38.9 18 54.9 31.7l29.1-16.8c10-5.8 22.9-3.6 30.3 5.3 16.2 19.4 33.2 41.6 42.1 65.8 4 10.9.1 23.2-10 29.1l-33.7 16.8c3.9 21 3.9 42.5 0 63.5zm-117.6 21.1c59.2-77-28.7-164.9-105.7-105.7-59.2 77 28.7 164.9 105.7 105.7zm243.4 182.7l-8.2 14.3c-3 5.3-9.4 7.5-15.1 5.4-11.8-4.4-22.6-10.7-32.1-18.6-4.6-3.8-5.8-10.5-2.8-15.7l8.2-14.3c-6.9-8-12.3-17.3-15.9-27.4h-16.5c-6 0-11.2-4.3-12.2-10.3-2-12-2.1-24.6 0-37.1 1-6 6.2-10.4 12.2-10.4h16.5c3.6-10.1 9-19.4 15.9-27.4l-8.2-14.3c-3-5.2-1.9-11.9 2.8-15.7 9.5-7.9 20.4-14.2 32.1-18.6 5.7-2.1 12.1.1 15.1 5.4l8.2 14.3c10.5-1.9 21.2-1.9 31.7 0l8.2-14.3c3-5.3 9.4-7.5 15.1-5.4 11.8 4.4 22.6 10.7 32.1 18.6 4.6 3.8 5.8 10.5 2.8 15.7l-8.2 14.3c6.9 8 12.3 17.3 15.9 27.4h16.5c6 0 11.2 4.3 12.2 10.3 2 12 2.1 24.6 0 37.1-1 6-6.2 10.4-12.2 10.4h-16.5c-3.6 10.1-9 19.4-15.9 27.4l8.2 14.3c3 5.2 1.9 11.9-2.8 15.7-9.5 7.9-20.4 14.2-32.1 18.6-5.7 2.1-12.1-.1-15.1-5.4l-8.2-14.3c-10.4 1.9-21.2 1.9-31.7 0zM501.6 431c38.5 29.6 82.4-14.3 52.8-52.8-38.5-29.6-82.4 14.3-52.8 52.8z"
        fill="currentColor"
      />
    </svg>
     
    <div
      style="font-size: 12px; margin-left: 8px;"
    >
      cogs
    </div>
  </div>
  <div
    style="display: flex; margin: 12px; text-align: center;"
  >
    <svg
      aria-hidden="true"
      class="base-icon svg-inline--fa fa-ear fa-w-12"
      data-icon="ear"
      data-prefix="fas"
      focusable="false"
      role="img"
      viewBox="0 0 384 512"
      xmlns="http://www.w3.org/2000/svg"
    >
      <path
        class=""
        d="M192 0C85.96 0 0 85.96 0 192v176c0 79.53 64.47 144 144 144s144-64.47 144-144v-9.9c57.33-33.21 96-95.08 96-166.1C384 85.96 298.04 0 192 0zm128 200c0 4.42-3.58 8-8 8h-16c-4.42 0-8-3.58-8-8v-8c0-52.94-43.06-96-96-96s-96 43.06-96 96c0 17.64 14.36 32 32 32h32c35.3 0 64 28.7 64 64s-28.7 64-64 64h-8c-4.42 0-8-3.58-8-8v-16c0-4.42 3.58-8 8-8h8c17.64 0 32-14.36 32-32s-14.36-32-32-32h-32c-35.3 0-64-28.7-64-64 0-70.58 57.42-128 128-128s128 57.42 128 128v8z"
        fill="currentColor"
      />
    </svg>
     
    <div
      style="font-size: 12px; margin-left: 8px;"
    >
      ear
    </div>
  </div>
  <div
    style="display: flex; margin: 12px; text-align: center;"
  >
    <svg
      class="base-icon base-icon--custom"
    />
     
    <div
      style="font-size: 12px; margin-left: 8px;"
    >
      eyeClosed
    </div>
  </div>
  <div
    style="display: flex; margin: 12px; text-align: center;"
  >
    <svg
      class="base-icon base-icon--custom"
    />
     
    <div
      style="font-size: 12px; margin-left: 8px;"
    >
      eyeOpen
    </div>
  </div>
  <div
    style="display: flex; margin: 12px; text-align: center;"
  >
    <svg
      aria-hidden="true"
      class="base-icon svg-inline--fa fa-folder fa-w-16"
      data-icon="folder"
      data-prefix="far"
      focusable="false"
      role="img"
      viewBox="0 0 512 512"
      xmlns="http://www.w3.org/2000/svg"
    >
      <path
        class=""
        d="M464 128H272l-54.63-54.63c-6-6-14.14-9.37-22.63-9.37H48C21.49 64 0 85.49 0 112v288c0 26.51 21.49 48 48 48h416c26.51 0 48-21.49 48-48V176c0-26.51-21.49-48-48-48zm0 272H48V112h140.12l54.63 54.63c6 6 14.14 9.37 22.63 9.37H464v224z"
        fill="currentColor"
      />
    </svg>
     
    <div
      style="font-size: 12px; margin-left: 8px;"
    >
      folder
    </div>
  </div>
  <div
    style="display: flex; margin: 12px; text-align: center;"
  >
    <svg
      aria-hidden="true"
      class="base-icon svg-inline--fa fa-gift fa-w-16"
      data-icon="gift"
      data-prefix="fal"
      focusable="false"
      role="img"
      viewBox="0 0 512 512"
      xmlns="http://www.w3.org/2000/svg"
    >
      <path
        class=""
        d="M464 144h-39.3c9.5-13.4 15.3-29.9 15.3-48 0-44.1-33.4-80-74.5-80-42.3 0-66.8 25.4-109.5 95.8C213.3 41.4 188.8 16 146.5 16 105.4 16 72 51.9 72 96c0 18.1 5.8 34.6 15.3 48H48c-26.5 0-48 21.5-48 48v96c0 8.8 7.2 16 16 16h16v144c0 26.5 21.5 48 48 48h352c26.5 0 48-21.5 48-48V304h16c8.8 0 16-7.2 16-16v-96c0-26.5-21.5-48-48-48zm-187.8-3.6c49.5-83.3 66-92.4 89.3-92.4 23.4 0 42.5 21.5 42.5 48s-19.1 48-42.5 48H274l2.2-3.6zM146.5 48c23.4 0 39.8 9.1 89.3 92.4l2.1 3.6h-91.5c-23.4 0-42.5-21.5-42.5-48 .1-26.5 19.2-48 42.6-48zM192 464H80c-8.8 0-16-7.2-16-16V304h128v160zm0-192H32v-80c0-8.8 7.2-16 16-16h144v96zm96 192h-64V176h64v288zm160-16c0 8.8-7.2 16-16 16H320V304h128v144zm32-176H320v-96h144c8.8 0 16 7.2 16 16v80z"
        fill="currentColor"
      />
    </svg>
     
    <div
      style="font-size: 12px; margin-left: 8px;"
    >
      gift
    </div>
  </div>
  <div
    style="display: flex; margin: 12px; text-align: center;"
  >
    <svg
      aria-hidden="true"
      class="base-icon svg-inline--fa fa-gift fa-w-16"
      data-icon="gift"
      data-prefix="fas"
      focusable="false"
      role="img"
      viewBox="0 0 512 512"
      xmlns="http://www.w3.org/2000/svg"
    >
      <path
        class=""
        d="M32 448c0 17.7 14.3 32 32 32h160V320H32v128zm256 32h160c17.7 0 32-14.3 32-32V320H288v160zm192-320h-42.1c6.2-12.1 10.1-25.5 10.1-40 0-48.5-39.5-88-88-88-41.6 0-68.5 21.3-103 68.3-34.5-47-61.4-68.3-103-68.3-48.5 0-88 39.5-88 88 0 14.5 3.8 27.9 10.1 40H32c-17.7 0-32 14.3-32 32v80c0 8.8 7.2 16 16 16h480c8.8 0 16-7.2 16-16v-80c0-17.7-14.3-32-32-32zm-326.1 0c-22.1 0-40-17.9-40-40s17.9-40 40-40c19.9 0 34.6 3.3 86.1 80h-86.1zm206.1 0h-86.1c51.4-76.5 65.7-80 86.1-80 22.1 0 40 17.9 40 40s-17.9 40-40 40z"
        fill="currentColor"
      />
    </svg>
     
    <div
      style="font-size: 12px; margin-left: 8px;"
    >
      giftSolid
    </div>
  </div>
  <div
    style="display: flex; margin: 12px; text-align: center;"
  >
    <svg
      aria-hidden="true"
      class="base-icon svg-inline--fa fa-lock fa-w-14"
      data-icon="lock"
      data-prefix="fas"
      focusable="false"
      role="img"
      viewBox="0 0 448 512"
      xmlns="http://www.w3.org/2000/svg"
    >
      <path
        class=""
        d="M400 224h-24v-72C376 68.2 307.8 0 224 0S72 68.2 72 152v72H48c-26.5 0-48 21.5-48 48v192c0 26.5 21.5 48 48 48h352c26.5 0 48-21.5 48-48V272c0-26.5-21.5-48-48-48zm-104 0H152v-72c0-39.7 32.3-72 72-72s72 32.3 72 72v72z"
        fill="currentColor"
      />
    </svg>
     
    <div
      style="font-size: 12px; margin-left: 8px;"
    >
      lock
    </div>
  </div>
  <div
    style="display: flex; margin: 12px; text-align: center;"
  >
    <svg
      aria-hidden="true"
      class="base-icon svg-inline--fa fa-pen fa-w-16"
      data-icon="pen"
      data-prefix="fas"
      focusable="false"
      role="img"
      viewBox="0 0 512 512"
      xmlns="http://www.w3.org/2000/svg"
    >
      <path
        class=""
        d="M290.74 93.24l128.02 128.02-277.99 277.99-114.14 12.6C11.35 513.54-1.56 500.62.14 485.34l12.7-114.22 277.9-277.88zm207.2-19.06l-60.11-60.11c-18.75-18.75-49.16-18.75-67.91 0l-56.55 56.55 128.02 128.02 56.55-56.55c18.75-18.76 18.75-49.16 0-67.91z"
        fill="currentColor"
      />
    </svg>
     
    <div
      style="font-size: 12px; margin-left: 8px;"
    >
      pen
    </div>
  </div>
  <div
    style="display: flex; margin: 12px; text-align: center;"
  >
    <svg
      aria-hidden="true"
      class="base-icon svg-inline--fa fa-phone-alt fa-w-16"
      data-icon="phone-alt"
      data-prefix="fas"
      focusable="false"
      role="img"
      viewBox="0 0 512 512"
      xmlns="http://www.w3.org/2000/svg"
    >
      <path
        class=""
        d="M497.39 361.8l-112-48a24 24 0 0 0-28 6.9l-49.6 60.6A370.66 370.66 0 0 1 130.6 204.11l60.6-49.6a23.94 23.94 0 0 0 6.9-28l-48-112A24.16 24.16 0 0 0 122.6.61l-104 24A24 24 0 0 0 0 48c0 256.5 207.9 464 464 464a24 24 0 0 0 23.4-18.6l24-104a24.29 24.29 0 0 0-14.01-27.6z"
        fill="currentColor"
      />
    </svg>
     
    <div
      style="font-size: 12px; margin-left: 8px;"
    >
      phone
    </div>
  </div>
  <div
    style="display: flex; margin: 12px; text-align: center;"
  >
    <svg
      aria-hidden="true"
      class="base-icon svg-inline--fa fa-plus fa-w-12"
      data-icon="plus"
      data-prefix="fal"
      focusable="false"
      role="img"
      viewBox="0 0 384 512"
      xmlns="http://www.w3.org/2000/svg"
    >
      <path
        class=""
        d="M376 232H216V72c0-4.42-3.58-8-8-8h-32c-4.42 0-8 3.58-8 8v160H8c-4.42 0-8 3.58-8 8v32c0 4.42 3.58 8 8 8h160v160c0 4.42 3.58 8 8 8h32c4.42 0 8-3.58 8-8V280h160c4.42 0 8-3.58 8-8v-32c0-4.42-3.58-8-8-8z"
        fill="currentColor"
      />
    </svg>
     
    <div
      style="font-size: 12px; margin-left: 8px;"
    >
      plus
    </div>
  </div>
  <div
    style="display: flex; margin: 12px; text-align: center;"
  >
    <svg
      aria-hidden="true"
      class="base-icon svg-inline--fa fa-print fa-w-16"
      data-icon="print"
      data-prefix="fas"
      focusable="false"
      role="img"
      viewBox="0 0 512 512"
      xmlns="http://www.w3.org/2000/svg"
    >
      <path
        class=""
        d="M448 192V77.25c0-8.49-3.37-16.62-9.37-22.63L393.37 9.37c-6-6-14.14-9.37-22.63-9.37H96C78.33 0 64 14.33 64 32v160c-35.35 0-64 28.65-64 64v112c0 8.84 7.16 16 16 16h48v96c0 17.67 14.33 32 32 32h320c17.67 0 32-14.33 32-32v-96h48c8.84 0 16-7.16 16-16V256c0-35.35-28.65-64-64-64zm-64 256H128v-96h256v96zm0-224H128V64h192v48c0 8.84 7.16 16 16 16h48v96zm48 72c-13.25 0-24-10.75-24-24 0-13.26 10.75-24 24-24s24 10.74 24 24c0 13.25-10.75 24-24 24z"
        fill="currentColor"
      />
    </svg>
     
    <div
      style="font-size: 12px; margin-left: 8px;"
    >
      print
    </div>
  </div>
  <div
    style="display: flex; margin: 12px; text-align: center;"
  >
    <svg
      aria-hidden="true"
      class="base-icon svg-inline--fa fa-question fa-w-12"
      data-icon="question"
      data-prefix="fas"
      focusable="false"
      role="img"
      viewBox="0 0 384 512"
      xmlns="http://www.w3.org/2000/svg"
    >
      <path
        class=""
        d="M202.021 0C122.202 0 70.503 32.703 29.914 91.026c-7.363 10.58-5.093 25.086 5.178 32.874l43.138 32.709c10.373 7.865 25.132 6.026 33.253-4.148 25.049-31.381 43.63-49.449 82.757-49.449 30.764 0 68.816 19.799 68.816 49.631 0 22.552-18.617 34.134-48.993 51.164-35.423 19.86-82.299 44.576-82.299 106.405V320c0 13.255 10.745 24 24 24h72.471c13.255 0 24-10.745 24-24v-5.773c0-42.86 125.268-44.645 125.268-160.627C377.504 66.256 286.902 0 202.021 0zM192 373.459c-38.196 0-69.271 31.075-69.271 69.271 0 38.195 31.075 69.27 69.271 69.27s69.271-31.075 69.271-69.271-31.075-69.27-69.271-69.27z"
        fill="currentColor"
      />
    </svg>
     
    <div
      style="font-size: 12px; margin-left: 8px;"
    >
      question
    </div>
  </div>
  <div
    style="display: flex; margin: 12px; text-align: center;"
  >
    <svg
      aria-hidden="true"
      class="base-icon svg-inline--fa fa-question-circle fa-w-16"
      data-icon="question-circle"
      data-prefix="fas"
      focusable="false"
      role="img"
      viewBox="0 0 512 512"
      xmlns="http://www.w3.org/2000/svg"
    >
      <path
        class=""
        d="M504 256c0 136.997-111.043 248-248 248S8 392.997 8 256C8 119.083 119.043 8 256 8s248 111.083 248 248zM262.655 90c-54.497 0-89.255 22.957-116.549 63.758-3.536 5.286-2.353 12.415 2.715 16.258l34.699 26.31c5.205 3.947 12.621 3.008 16.665-2.122 17.864-22.658 30.113-35.797 57.303-35.797 20.429 0 45.698 13.148 45.698 32.958 0 14.976-12.363 22.667-32.534 33.976C247.128 238.528 216 254.941 216 296v4c0 6.627 5.373 12 12 12h56c6.627 0 12-5.373 12-12v-1.333c0-28.462 83.186-29.647 83.186-106.667 0-58.002-60.165-102-116.531-102zM256 338c-25.365 0-46 20.635-46 46 0 25.364 20.635 46 46 46s46-20.636 46-46c0-25.365-20.635-46-46-46z"
        fill="currentColor"
      />
    </svg>
     
    <div
      style="font-size: 12px; margin-left: 8px;"
    >
      questionCircle
    </div>
  </div>
  <div
    style="display: flex; margin: 12px; text-align: center;"
  >
    <svg
      aria-hidden="true"
      class="base-icon svg-inline--fa fa-search fa-w-16"
      data-icon="search"
      data-prefix="far"
      focusable="false"
      role="img"
      viewBox="0 0 512 512"
      xmlns="http://www.w3.org/2000/svg"
    >
      <path
        class=""
        d="M508.5 468.9L387.1 347.5c-2.3-2.3-5.3-3.5-8.5-3.5h-13.2c31.5-36.5 50.6-84 50.6-136C416 93.1 322.9 0 208 0S0 93.1 0 208s93.1 208 208 208c52 0 99.5-19.1 136-50.6v13.2c0 3.2 1.3 6.2 3.5 8.5l121.4 121.4c4.7 4.7 12.3 4.7 17 0l22.6-22.6c4.7-4.7 4.7-12.3 0-17zM208 368c-88.4 0-160-71.6-160-160S119.6 48 208 48s160 71.6 160 160-71.6 160-160 160z"
        fill="currentColor"
      />
    </svg>
     
    <div
      style="font-size: 12px; margin-left: 8px;"
    >
      search
    </div>
  </div>
  <div
    style="display: flex; margin: 12px; text-align: center;"
  >
    <svg
      aria-hidden="true"
      class="base-icon svg-inline--fa fa-sign-out-alt fa-w-16"
      data-icon="sign-out-alt"
      data-prefix="fas"
      focusable="false"
      role="img"
      viewBox="0 0 512 512"
      xmlns="http://www.w3.org/2000/svg"
    >
      <path
        class=""
        d="M497 273L329 441c-15 15-41 4.5-41-17v-96H152c-13.3 0-24-10.7-24-24v-96c0-13.3 10.7-24 24-24h136V88c0-21.4 25.9-32 41-17l168 168c9.3 9.4 9.3 24.6 0 34zM192 436v-40c0-6.6-5.4-12-12-12H96c-17.7 0-32-14.3-32-32V160c0-17.7 14.3-32 32-32h84c6.6 0 12-5.4 12-12V76c0-6.6-5.4-12-12-12H96c-53 0-96 43-96 96v192c0 53 43 96 96 96h84c6.6 0 12-5.4 12-12z"
        fill="currentColor"
      />
    </svg>
     
    <div
      style="font-size: 12px; margin-left: 8px;"
    >
      signOut
    </div>
  </div>
  <div
    style="display: flex; margin: 12px; text-align: center;"
  >
    <svg
      aria-hidden="true"
      class="base-icon svg-inline--fa fa-tachometer-fast fa-w-18"
      data-icon="tachometer-fast"
      data-prefix="fas"
      focusable="false"
      role="img"
      viewBox="0 0 576 512"
      xmlns="http://www.w3.org/2000/svg"
    >
      <path
        class=""
        d="M288 32C128.94 32 0 160.94 0 320c0 52.8 14.25 102.26 39.06 144.8 5.61 9.62 16.3 15.2 27.44 15.2h443c11.14 0 21.83-5.58 27.44-15.2C561.75 422.26 576 372.8 576 320c0-159.06-128.94-288-288-288zm163.2 174.41L342.65 351.14c5.81 9.63 9.35 20.79 9.35 32.86 0 11.72-3.38 22.55-8.88 32H232.88c-5.5-9.45-8.88-20.28-8.88-32 0-35.35 28.65-64 64-64 5.65 0 11.02.96 16.24 2.34L412.8 177.59c7.98-10.56 23-12.72 33.61-4.8 10.59 7.96 12.75 23.01 4.79 33.62z"
        fill="currentColor"
      />
    </svg>
     
    <div
      style="font-size: 12px; margin-left: 8px;"
    >
      tachometer
    </div>
  </div>
  <div
    style="display: flex; margin: 12px; text-align: center;"
  >
    <svg
      aria-hidden="true"
      class="base-icon svg-inline--fa fa-trash fa-w-14"
      data-icon="trash"
      data-prefix="fas"
      focusable="false"
      role="img"
      viewBox="0 0 448 512"
      xmlns="http://www.w3.org/2000/svg"
    >
      <path
        class=""
        d="M432 32H312l-9.4-18.7A24 24 0 0 0 281.1 0H166.8a23.72 23.72 0 0 0-21.4 13.3L136 32H16A16 16 0 0 0 0 48v32a16 16 0 0 0 16 16h416a16 16 0 0 0 16-16V48a16 16 0 0 0-16-16zM53.2 467a48 48 0 0 0 47.9 45h245.8a48 48 0 0 0 47.9-45L416 128H32z"
        fill="currentColor"
      />
    </svg>
     
    <div
      style="font-size: 12px; margin-left: 8px;"
    >
      trash
    </div>
  </div>
  <div
    style="display: flex; margin: 12px; text-align: center;"
  >
    <svg
      aria-hidden="true"
      class="base-icon svg-inline--fa fa-cloud-upload-alt fa-w-20"
      data-icon="cloud-upload-alt"
      data-prefix="fas"
      focusable="false"
      role="img"
      viewBox="0 0 640 512"
      xmlns="http://www.w3.org/2000/svg"
    >
      <path
        class=""
        d="M537.6 226.6c4.1-10.7 6.4-22.4 6.4-34.6 0-53-43-96-96-96-19.7 0-38.1 6-53.3 16.2C367 64.2 315.3 32 256 32c-88.4 0-160 71.6-160 160 0 2.7.1 5.4.2 8.1C40.2 219.8 0 273.2 0 336c0 79.5 64.5 144 144 144h368c70.7 0 128-57.3 128-128 0-61.9-44-113.6-102.4-125.4zM393.4 288H328v112c0 8.8-7.2 16-16 16h-48c-8.8 0-16-7.2-16-16V288h-65.4c-14.3 0-21.4-17.2-11.3-27.3l105.4-105.4c6.2-6.2 16.4-6.2 22.6 0l105.4 105.4c10.1 10.1 2.9 27.3-11.3 27.3z"
        fill="currentColor"
      />
    </svg>
     
    <div
      style="font-size: 12px; margin-left: 8px;"
    >
      upload
    </div>
  </div>
  <div
    style="display: flex; margin: 12px; text-align: center;"
  >
    <svg
      aria-hidden="true"
      class="base-icon svg-inline--fa fa-users fa-w-20"
      data-icon="users"
      data-prefix="fas"
      focusable="false"
      role="img"
      viewBox="0 0 640 512"
      xmlns="http://www.w3.org/2000/svg"
    >
      <path
        class=""
        d="M96 224c35.3 0 64-28.7 64-64s-28.7-64-64-64-64 28.7-64 64 28.7 64 64 64zm448 0c35.3 0 64-28.7 64-64s-28.7-64-64-64-64 28.7-64 64 28.7 64 64 64zm32 32h-64c-17.6 0-33.5 7.1-45.1 18.6 40.3 22.1 68.9 62 75.1 109.4h66c17.7 0 32-14.3 32-32v-32c0-35.3-28.7-64-64-64zm-256 0c61.9 0 112-50.1 112-112S381.9 32 320 32 208 82.1 208 144s50.1 112 112 112zm76.8 32h-8.3c-20.8 10-43.9 16-68.5 16s-47.6-6-68.5-16h-8.3C179.6 288 128 339.6 128 403.2V432c0 26.5 21.5 48 48 48h288c26.5 0 48-21.5 48-48v-28.8c0-63.6-51.6-115.2-115.2-115.2zm-223.7-13.4C161.5 263.1 145.6 256 128 256H64c-35.3 0-64 28.7-64 64v32c0 17.7 14.3 32 32 32h65.9c6.3-47.4 34.9-87.3 75.2-109.4z"
        fill="currentColor"
      />
    </svg>
     
    <div
      style="font-size: 12px; margin-left: 8px;"
    >
      users
    </div>
  </div>
  <div
    style="display: flex; margin: 12px; text-align: center;"
  >
    <svg
      aria-hidden="true"
      class="base-icon svg-inline--fa fa-wrench fa-w-16"
      data-icon="wrench"
      data-prefix="fas"
      focusable="false"
      role="img"
      viewBox="0 0 512 512"
      xmlns="http://www.w3.org/2000/svg"
    >
      <path
        class=""
        d="M507.73 109.1c-2.24-9.03-13.54-12.09-20.12-5.51l-74.36 74.36-67.88-11.31-11.31-67.88 74.36-74.36c6.62-6.62 3.43-17.9-5.66-20.16-47.38-11.74-99.55.91-136.58 37.93-39.64 39.64-50.55 97.1-34.05 147.2L18.74 402.76c-24.99 24.99-24.99 65.51 0 90.5 24.99 24.99 65.51 24.99 90.5 0l213.21-213.21c50.12 16.71 107.47 5.68 147.37-34.22 37.07-37.07 49.7-89.32 37.91-136.73zM64 472c-13.25 0-24-10.75-24-24 0-13.26 10.75-24 24-24s24 10.74 24 24c0 13.25-10.75 24-24 24z"
        fill="currentColor"
      />
    </svg>
     
    <div
      style="font-size: 12px; margin-left: 8px;"
    >
      wrench
    </div>
  </div>
</div>
`;
