// Jest Snapshot v1, https://goo.gl/fbAQLP

exports[`TextareaInput renders correctly 1`] = `
<label
  class="form-field textarea-input textarea-input__raised textarea-input__dense textarea-input__invalid"
  for="test"
>
  <div
    class="field-label field-label__raised field-label__dense field-label__invalid"
  >
    
    Test
  
  </div>
   
  <div
    class="field-container field-container__raised field-container__dense field-container__invalid"
  >
    <textarea
      aria-describedby="test-error"
      class="textarea-input--field"
      id="test"
    />
  </div>
   
  <div
    class="field-error field-error__raised"
    id="test-error"
    role="alert"
  >
    
    There was an error
  
  </div>
</label>
`;
