// Jest Snapshot v1, https://goo.gl/fbAQLP

exports[`BaseChip renders correctly 1`] = `
<div
  class="base-chip base-chip--medium base-chip--standard"
  color="inevitable"
>
  <div
    class="base-chip__inner"
  >
    Hello world
  </div>
   
  <!---->
</div>
`;

exports[`BaseChip renders gallery correctly 1`] = `
<div>
  <div
    class="mb-8"
  >
    <h2
      class="type-overline type-overline-large mb-2"
    >
      standard
    </h2>
     
    <div
      class="flex items-end mb-2"
    >
      <div
        class="mr-8"
      >
        <div
          class="base-chip base-chip--small base-chip--standard"
        >
          <div
            class="base-chip__inner"
          >
            small
          </div>
           
          <!---->
        </div>
      </div>
      <div
        class="mr-8"
      >
        <div
          class="base-chip base-chip--medium base-chip--standard"
        >
          <div
            class="base-chip__inner"
          >
            medium
          </div>
           
          <!---->
        </div>
      </div>
      <div
        class="mr-8"
      >
        <div
          class="base-chip base-chip--large base-chip--standard"
        >
          <div
            class="base-chip__inner"
          >
            large
          </div>
           
          <!---->
        </div>
      </div>
    </div>
     
    <div
      class="flex items-end mb-2"
    >
      <div
        class="mr-8"
      >
        <div
          class="base-chip base-chip--small base-chip--standard"
        >
          <div
            class="base-chip__inner"
          >
            small
          </div>
           
          <button
            class="base-chip__reset"
            type="button"
          >
            <svg
              aria-hidden="true"
              class="base-icon svg-inline--fa fa-times fa-w-10 base-chip__reset-icon"
              data-icon="times"
              data-prefix="fal"
              focusable="false"
              role="img"
              viewBox="0 0 320 512"
              xmlns="http://www.w3.org/2000/svg"
            >
              <path
                class=""
                d="M193.94 256L296.5 153.44l21.15-21.15c3.12-3.12 3.12-8.19 0-11.31l-22.63-22.63c-3.12-3.12-8.19-3.12-11.31 0L160 222.06 36.29 98.34c-3.12-3.12-8.19-3.12-11.31 0L2.34 120.97c-3.12 3.12-3.12 8.19 0 11.31L126.06 256 2.34 379.71c-3.12 3.12-3.12 8.19 0 11.31l22.63 22.63c3.12 3.12 8.19 3.12 11.31 0L160 289.94 262.56 392.5l21.15 21.15c3.12 3.12 8.19 3.12 11.31 0l22.63-22.63c3.12-3.12 3.12-8.19 0-11.31L193.94 256z"
                fill="currentColor"
              />
            </svg>
          </button>
        </div>
      </div>
      <div
        class="mr-8"
      >
        <div
          class="base-chip base-chip--medium base-chip--standard"
        >
          <div
            class="base-chip__inner"
          >
            medium
          </div>
           
          <button
            class="base-chip__reset"
            type="button"
          >
            <svg
              aria-hidden="true"
              class="base-icon svg-inline--fa fa-times fa-w-10 base-chip__reset-icon"
              data-icon="times"
              data-prefix="fal"
              focusable="false"
              role="img"
              viewBox="0 0 320 512"
              xmlns="http://www.w3.org/2000/svg"
            >
              <path
                class=""
                d="M193.94 256L296.5 153.44l21.15-21.15c3.12-3.12 3.12-8.19 0-11.31l-22.63-22.63c-3.12-3.12-8.19-3.12-11.31 0L160 222.06 36.29 98.34c-3.12-3.12-8.19-3.12-11.31 0L2.34 120.97c-3.12 3.12-3.12 8.19 0 11.31L126.06 256 2.34 379.71c-3.12 3.12-3.12 8.19 0 11.31l22.63 22.63c3.12 3.12 8.19 3.12 11.31 0L160 289.94 262.56 392.5l21.15 21.15c3.12 3.12 8.19 3.12 11.31 0l22.63-22.63c3.12-3.12 3.12-8.19 0-11.31L193.94 256z"
                fill="currentColor"
              />
            </svg>
          </button>
        </div>
      </div>
      <div
        class="mr-8"
      >
        <div
          class="base-chip base-chip--large base-chip--standard"
        >
          <div
            class="base-chip__inner"
          >
            large
          </div>
           
          <button
            class="base-chip__reset"
            type="button"
          >
            <svg
              aria-hidden="true"
              class="base-icon svg-inline--fa fa-times fa-w-10 base-chip__reset-icon"
              data-icon="times"
              data-prefix="fal"
              focusable="false"
              role="img"
              viewBox="0 0 320 512"
              xmlns="http://www.w3.org/2000/svg"
            >
              <path
                class=""
                d="M193.94 256L296.5 153.44l21.15-21.15c3.12-3.12 3.12-8.19 0-11.31l-22.63-22.63c-3.12-3.12-8.19-3.12-11.31 0L160 222.06 36.29 98.34c-3.12-3.12-8.19-3.12-11.31 0L2.34 120.97c-3.12 3.12-3.12 8.19 0 11.31L126.06 256 2.34 379.71c-3.12 3.12-3.12 8.19 0 11.31l22.63 22.63c3.12 3.12 8.19 3.12 11.31 0L160 289.94 262.56 392.5l21.15 21.15c3.12 3.12 8.19 3.12 11.31 0l22.63-22.63c3.12-3.12 3.12-8.19 0-11.31L193.94 256z"
                fill="currentColor"
              />
            </svg>
          </button>
        </div>
      </div>
    </div>
  </div>
  <div
    class="mb-8"
  >
    <h2
      class="type-overline type-overline-large mb-2"
    >
      raised
    </h2>
     
    <div
      class="flex items-end mb-2"
    >
      <div
        class="mr-8"
      >
        <div
          class="base-chip base-chip--small base-chip--raised"
        >
          <div
            class="base-chip__inner"
          >
            small
          </div>
           
          <!---->
        </div>
      </div>
      <div
        class="mr-8"
      >
        <div
          class="base-chip base-chip--medium base-chip--raised"
        >
          <div
            class="base-chip__inner"
          >
            medium
          </div>
           
          <!---->
        </div>
      </div>
      <div
        class="mr-8"
      >
        <div
          class="base-chip base-chip--large base-chip--raised"
        >
          <div
            class="base-chip__inner"
          >
            large
          </div>
           
          <!---->
        </div>
      </div>
    </div>
     
    <div
      class="flex items-end mb-2"
    >
      <div
        class="mr-8"
      >
        <div
          class="base-chip base-chip--small base-chip--raised"
        >
          <div
            class="base-chip__inner"
          >
            small
          </div>
           
          <button
            class="base-chip__reset"
            type="button"
          >
            <svg
              aria-hidden="true"
              class="base-icon svg-inline--fa fa-times fa-w-10 base-chip__reset-icon"
              data-icon="times"
              data-prefix="fal"
              focusable="false"
              role="img"
              viewBox="0 0 320 512"
              xmlns="http://www.w3.org/2000/svg"
            >
              <path
                class=""
                d="M193.94 256L296.5 153.44l21.15-21.15c3.12-3.12 3.12-8.19 0-11.31l-22.63-22.63c-3.12-3.12-8.19-3.12-11.31 0L160 222.06 36.29 98.34c-3.12-3.12-8.19-3.12-11.31 0L2.34 120.97c-3.12 3.12-3.12 8.19 0 11.31L126.06 256 2.34 379.71c-3.12 3.12-3.12 8.19 0 11.31l22.63 22.63c3.12 3.12 8.19 3.12 11.31 0L160 289.94 262.56 392.5l21.15 21.15c3.12 3.12 8.19 3.12 11.31 0l22.63-22.63c3.12-3.12 3.12-8.19 0-11.31L193.94 256z"
                fill="currentColor"
              />
            </svg>
          </button>
        </div>
      </div>
      <div
        class="mr-8"
      >
        <div
          class="base-chip base-chip--medium base-chip--raised"
        >
          <div
            class="base-chip__inner"
          >
            medium
          </div>
           
          <button
            class="base-chip__reset"
            type="button"
          >
            <svg
              aria-hidden="true"
              class="base-icon svg-inline--fa fa-times fa-w-10 base-chip__reset-icon"
              data-icon="times"
              data-prefix="fal"
              focusable="false"
              role="img"
              viewBox="0 0 320 512"
              xmlns="http://www.w3.org/2000/svg"
            >
              <path
                class=""
                d="M193.94 256L296.5 153.44l21.15-21.15c3.12-3.12 3.12-8.19 0-11.31l-22.63-22.63c-3.12-3.12-8.19-3.12-11.31 0L160 222.06 36.29 98.34c-3.12-3.12-8.19-3.12-11.31 0L2.34 120.97c-3.12 3.12-3.12 8.19 0 11.31L126.06 256 2.34 379.71c-3.12 3.12-3.12 8.19 0 11.31l22.63 22.63c3.12 3.12 8.19 3.12 11.31 0L160 289.94 262.56 392.5l21.15 21.15c3.12 3.12 8.19 3.12 11.31 0l22.63-22.63c3.12-3.12 3.12-8.19 0-11.31L193.94 256z"
                fill="currentColor"
              />
            </svg>
          </button>
        </div>
      </div>
      <div
        class="mr-8"
      >
        <div
          class="base-chip base-chip--large base-chip--raised"
        >
          <div
            class="base-chip__inner"
          >
            large
          </div>
           
          <button
            class="base-chip__reset"
            type="button"
          >
            <svg
              aria-hidden="true"
              class="base-icon svg-inline--fa fa-times fa-w-10 base-chip__reset-icon"
              data-icon="times"
              data-prefix="fal"
              focusable="false"
              role="img"
              viewBox="0 0 320 512"
              xmlns="http://www.w3.org/2000/svg"
            >
              <path
                class=""
                d="M193.94 256L296.5 153.44l21.15-21.15c3.12-3.12 3.12-8.19 0-11.31l-22.63-22.63c-3.12-3.12-8.19-3.12-11.31 0L160 222.06 36.29 98.34c-3.12-3.12-8.19-3.12-11.31 0L2.34 120.97c-3.12 3.12-3.12 8.19 0 11.31L126.06 256 2.34 379.71c-3.12 3.12-3.12 8.19 0 11.31l22.63 22.63c3.12 3.12 8.19 3.12 11.31 0L160 289.94 262.56 392.5l21.15 21.15c3.12 3.12 8.19 3.12 11.31 0l22.63-22.63c3.12-3.12 3.12-8.19 0-11.31L193.94 256z"
                fill="currentColor"
              />
            </svg>
          </button>
        </div>
      </div>
    </div>
  </div>
  <div
    class="mb-8"
  >
    <h2
      class="type-overline type-overline-large mb-2"
    >
      filled
    </h2>
     
    <div
      class="flex items-end mb-2"
    >
      <div
        class="mr-8"
      >
        <div
          class="base-chip base-chip--small base-chip--filled"
        >
          <div
            class="base-chip__inner"
          >
            small
          </div>
           
          <!---->
        </div>
      </div>
      <div
        class="mr-8"
      >
        <div
          class="base-chip base-chip--medium base-chip--filled"
        >
          <div
            class="base-chip__inner"
          >
            medium
          </div>
           
          <!---->
        </div>
      </div>
      <div
        class="mr-8"
      >
        <div
          class="base-chip base-chip--large base-chip--filled"
        >
          <div
            class="base-chip__inner"
          >
            large
          </div>
           
          <!---->
        </div>
      </div>
    </div>
     
    <div
      class="flex items-end mb-2"
    >
      <div
        class="mr-8"
      >
        <div
          class="base-chip base-chip--small base-chip--filled"
        >
          <div
            class="base-chip__inner"
          >
            small
          </div>
           
          <button
            class="base-chip__reset"
            type="button"
          >
            <svg
              aria-hidden="true"
              class="base-icon svg-inline--fa fa-times fa-w-10 base-chip__reset-icon"
              data-icon="times"
              data-prefix="fal"
              focusable="false"
              role="img"
              viewBox="0 0 320 512"
              xmlns="http://www.w3.org/2000/svg"
            >
              <path
                class=""
                d="M193.94 256L296.5 153.44l21.15-21.15c3.12-3.12 3.12-8.19 0-11.31l-22.63-22.63c-3.12-3.12-8.19-3.12-11.31 0L160 222.06 36.29 98.34c-3.12-3.12-8.19-3.12-11.31 0L2.34 120.97c-3.12 3.12-3.12 8.19 0 11.31L126.06 256 2.34 379.71c-3.12 3.12-3.12 8.19 0 11.31l22.63 22.63c3.12 3.12 8.19 3.12 11.31 0L160 289.94 262.56 392.5l21.15 21.15c3.12 3.12 8.19 3.12 11.31 0l22.63-22.63c3.12-3.12 3.12-8.19 0-11.31L193.94 256z"
                fill="currentColor"
              />
            </svg>
          </button>
        </div>
      </div>
      <div
        class="mr-8"
      >
        <div
          class="base-chip base-chip--medium base-chip--filled"
        >
          <div
            class="base-chip__inner"
          >
            medium
          </div>
           
          <button
            class="base-chip__reset"
            type="button"
          >
            <svg
              aria-hidden="true"
              class="base-icon svg-inline--fa fa-times fa-w-10 base-chip__reset-icon"
              data-icon="times"
              data-prefix="fal"
              focusable="false"
              role="img"
              viewBox="0 0 320 512"
              xmlns="http://www.w3.org/2000/svg"
            >
              <path
                class=""
                d="M193.94 256L296.5 153.44l21.15-21.15c3.12-3.12 3.12-8.19 0-11.31l-22.63-22.63c-3.12-3.12-8.19-3.12-11.31 0L160 222.06 36.29 98.34c-3.12-3.12-8.19-3.12-11.31 0L2.34 120.97c-3.12 3.12-3.12 8.19 0 11.31L126.06 256 2.34 379.71c-3.12 3.12-3.12 8.19 0 11.31l22.63 22.63c3.12 3.12 8.19 3.12 11.31 0L160 289.94 262.56 392.5l21.15 21.15c3.12 3.12 8.19 3.12 11.31 0l22.63-22.63c3.12-3.12 3.12-8.19 0-11.31L193.94 256z"
                fill="currentColor"
              />
            </svg>
          </button>
        </div>
      </div>
      <div
        class="mr-8"
      >
        <div
          class="base-chip base-chip--large base-chip--filled"
        >
          <div
            class="base-chip__inner"
          >
            large
          </div>
           
          <button
            class="base-chip__reset"
            type="button"
          >
            <svg
              aria-hidden="true"
              class="base-icon svg-inline--fa fa-times fa-w-10 base-chip__reset-icon"
              data-icon="times"
              data-prefix="fal"
              focusable="false"
              role="img"
              viewBox="0 0 320 512"
              xmlns="http://www.w3.org/2000/svg"
            >
              <path
                class=""
                d="M193.94 256L296.5 153.44l21.15-21.15c3.12-3.12 3.12-8.19 0-11.31l-22.63-22.63c-3.12-3.12-8.19-3.12-11.31 0L160 222.06 36.29 98.34c-3.12-3.12-8.19-3.12-11.31 0L2.34 120.97c-3.12 3.12-3.12 8.19 0 11.31L126.06 256 2.34 379.71c-3.12 3.12-3.12 8.19 0 11.31l22.63 22.63c3.12 3.12 8.19 3.12 11.31 0L160 289.94 262.56 392.5l21.15 21.15c3.12 3.12 8.19 3.12 11.31 0l22.63-22.63c3.12-3.12 3.12-8.19 0-11.31L193.94 256z"
                fill="currentColor"
              />
            </svg>
          </button>
        </div>
      </div>
    </div>
  </div>
</div>
`;
