// Jest Snapshot v1, https://goo.gl/fbAQLP

exports[`TextInput renders correctly 1`] = `
<label
  class="form-field text-input text-input__raised text-input__dense text-input__invalid"
  for="test"
>
  <div
    class="field-label field-label__raised field-label__dense field-label__invalid"
  >
    
    Test
  
  </div>
   
  <div
    class="field-container field-container__raised field-container__dense field-container__invalid"
  >
    <svg
      aria-hidden="true"
      class="base-icon svg-inline--fa fa-lock fa-w-14 text-input--icon text-input--icon__pre"
      data-icon="lock"
      data-prefix="fas"
      focusable="false"
      role="img"
      viewBox="0 0 448 512"
      xmlns="http://www.w3.org/2000/svg"
    >
      <path
        class=""
        d="M400 224h-24v-72C376 68.2 307.8 0 224 0S72 68.2 72 152v72H48c-26.5 0-48 21.5-48 48v192c0 26.5 21.5 48 48 48h352c26.5 0 48-21.5 48-48V272c0-26.5-21.5-48-48-48zm-104 0H152v-72c0-39.7 32.3-72 72-72s72 32.3 72 72v72z"
        fill="currentColor"
      />
    </svg>
     
    <span
      class="text-input--prefix"
    >
      $
    </span>
     
    <input
      aria-describedby="\${id}-error"
      class="text-input--field"
      id="test"
    />
     
    <svg
      aria-hidden="true"
      class="base-icon svg-inline--fa fa-lock fa-w-14 text-input--icon text-input--icon__post"
      data-icon="lock"
      data-prefix="fas"
      focusable="false"
      role="img"
      viewBox="0 0 448 512"
      xmlns="http://www.w3.org/2000/svg"
    >
      <path
        class=""
        d="M400 224h-24v-72C376 68.2 307.8 0 224 0S72 68.2 72 152v72H48c-26.5 0-48 21.5-48 48v192c0 26.5 21.5 48 48 48h352c26.5 0 48-21.5 48-48V272c0-26.5-21.5-48-48-48zm-104 0H152v-72c0-39.7 32.3-72 72-72s72 32.3 72 72v72z"
        fill="currentColor"
      />
    </svg>
     
    <!---->
  </div>
   
  <div
    class="field-error field-error__raised"
    id="test-error"
    role="alert"
  >
    
    There was an error
  
  </div>
</label>
`;
