// Jest Snapshot v1, https://goo.gl/fbAQLP

exports[`LoadingSprite renders correctly 1`] = `
<div
  class="annular-throbber annular-throbber--md"
/>
`;

exports[`LoadingSprite renders gallery correctly 1`] = `
<div
  class="flex"
>
  <div
    class="flex flex-col justify-between mr-4"
  >
    <div
      class="mb-2"
    >
      sm
    </div>
     
    <div
      class="annular-throbber annular-throbber--sm"
    />
  </div>
  <div
    class="flex flex-col justify-between mr-4"
  >
    <div
      class="mb-2"
    >
      md
    </div>
     
    <div
      class="annular-throbber annular-throbber--md"
    />
  </div>
  <div
    class="flex flex-col justify-between mr-4"
  >
    <div
      class="mb-2"
    >
      lg
    </div>
     
    <div
      class="annular-throbber annular-throbber--lg"
    />
  </div>
  <div
    class="flex flex-col justify-between mr-4"
  >
    <div
      class="mb-2"
    >
      xl
    </div>
     
    <div
      class="annular-throbber annular-throbber--xl"
    />
  </div>
</div>
`;
