// Jest Snapshot v1, https://goo.gl/fbAQLP

exports[`PopoverMenu renders correctly 1`] = `
<div
  class="popover-menu"
>
  <button
    class="popover-menu__trigger"
    type="button"
  />
   
  <div
    class="popover-menu__items popover-menu__items--left"
    style="width: auto;"
  >
    <button
      class="popover-menu__item"
    >
      <!---->
       
      <span>
        Profile
      </span>
    </button>
    <button
      class="popover-menu__item"
    >
      <svg
        aria-hidden="true"
        class="base-icon svg-inline--fa fa-check fa-w-16 popover-menu__icon"
        data-icon="check"
        data-prefix="fas"
        focusable="false"
        role="img"
        viewBox="0 0 512 512"
        xmlns="http://www.w3.org/2000/svg"
      >
        <path
          class=""
          d="M173.898 439.404l-166.4-166.4c-9.997-9.997-9.997-26.206 0-36.204l36.203-36.204c9.997-9.998 26.207-9.998 36.204 0L192 312.69 432.095 72.596c9.997-9.997 26.207-9.997 36.204 0l36.203 36.204c9.997 9.997 9.997 26.206 0 36.204l-294.4 294.401c-9.998 9.997-26.207 9.997-36.204-.001z"
          fill="currentColor"
        />
      </svg>
       
      <span>
        Settings
      </span>
    </button>
    <button
      class="popover-menu__item"
    >
      <svg
        aria-hidden="true"
        class="base-icon svg-inline--fa fa-sign-out-alt fa-w-16 popover-menu__icon"
        data-icon="sign-out-alt"
        data-prefix="fas"
        focusable="false"
        role="img"
        viewBox="0 0 512 512"
        xmlns="http://www.w3.org/2000/svg"
      >
        <path
          class=""
          d="M497 273L329 441c-15 15-41 4.5-41-17v-96H152c-13.3 0-24-10.7-24-24v-96c0-13.3 10.7-24 24-24h136V88c0-21.4 25.9-32 41-17l168 168c9.3 9.4 9.3 24.6 0 34zM192 436v-40c0-6.6-5.4-12-12-12H96c-17.7 0-32-14.3-32-32V160c0-17.7 14.3-32 32-32h84c6.6 0 12-5.4 12-12V76c0-6.6-5.4-12-12-12H96c-53 0-96 43-96 96v192c0 53 43 96 96 96h84c6.6 0 12-5.4 12-12z"
          fill="currentColor"
        />
      </svg>
       
      <span>
        Sign Out
      </span>
    </button>
  </div>
</div>
`;

exports[`PopoverMenu renders empty correctly 1`] = `
<div
  class="popover-menu"
>
  <button
    class="popover-menu__trigger"
    type="button"
  />
   
  <div
    class="popover-menu__items popover-menu__items--left"
    style="width: auto;"
  />
</div>
`;
